🦞 runner args: server=http://localhost:6800 k=1 max_steps=80 mode=single-candidate
🦞 candidates:  [primary=doubao-seed-2-0-lite-260428]
🦞 user args:   --task-name DuwuOrderV005CancelOrderTask --k 3 --max-steps 80 --artifact-root /tmp/pass_at_3_reports/duwu_20260530_041155/artifacts/DuwuOrderV005CancelOrderTask

2026-05-30 04:45:51.164 | INFO     | __main__:run_pass_k:196 - Server healthy at http://localhost:6800
2026-05-30 04:45:51.164 | INFO     | __main__:run_pass_k:199 - Pass@k start: task=DuwuOrderV005CancelOrderTask k=3 max_steps=80 episodes=[1, 2, 3]
2026-05-30 04:45:51.164 | INFO     | __main__:run_pass_k:203 - 
============================================================
Starting episode 1/3: DuwuOrderV005CancelOrderTask
============================================================
2026-05-30 04:45:51.216 | INFO     | __main__:run_episode:65 - Task: DuwuOrderV005CancelOrderTask | Goal: 【当前账户档案】账号：demo@rlbox.ai；昵称：福瑜是我；支付密码：无需密码，如需支付直接确认即可。请基于以上档案打开 com.duwu 并完成以下任务：有一笔待发货的订单我不想要了，帮我取消掉
2026-05-30 04:45:51.373 | ERROR    | __main__:run_pass_k:238 - Episode 1 failed with exception
Traceback (most recent call last):

  File "<frozen runpy>", line 198, in _run_module_as_main
  File "<frozen runpy>", line 88, in _run_code

  File "/Users/seng/Documents/GitHub/android_sandbox/src/android_tasks_external/agent_loop/runner.py", line 376, in <module>
    main()
    └ <function main at 0x1086efd80>

  File "/Users/seng/Documents/GitHub/android_sandbox/src/android_tasks_external/agent_loop/runner.py", line 353, in main
    summary = run_pass_k(
              └ <function run_pass_k at 0x1086efc40>

> File "/Users/seng/Documents/GitHub/android_sandbox/src/android_tasks_external/agent_loop/runner.py", line 227, in run_pass_k
    result = run_episode(
             └ <function run_episode at 0x1086efba0>

  File "/Users/seng/Documents/GitHub/android_sandbox/src/android_tasks_external/agent_loop/runner.py", line 67, in run_episode
    observation = env.initialize_task(task_name)
                  │   │               └ 'DuwuOrderV005CancelOrderTask'
                  │   └ <function ExternalAndroidEnvClient.initialize_task at 0x1086eefc0>
                  └ <android_tasks_external.agent_loop.client.ExternalAndroidEnvClient object at 0x108503ad0>

  File "/Users/seng/Documents/GitHub/android_sandbox/src/android_tasks_external/agent_loop/client.py", line 107, in initialize_task
    response = self._request("POST", "/task/init", json_body=payload, timeout=600.0)
               │    │                                        └ {'task_name': 'DuwuOrderV005CancelOrderTask'}
               │    └ <function ExternalAndroidEnvClient._request at 0x1086eed40>
               └ <android_tasks_external.agent_loop.client.ExternalAndroidEnvClient object at 0x108503ad0>

  File "/Users/seng/Documents/GitHub/android_sandbox/src/android_tasks_external/agent_loop/client.py", line 70, in _request
    raise requests.HTTPError(msg, response=response)
          │        │         │             └ <Response [500]>
          │        │         └ '500 Internal Server Error for url: http://localhost:6800/task/init | detail: init_task(\'DuwuOrderV005CancelOrderTask\') fai...
          │        └ <class 'requests.exceptions.HTTPError'>
          └ <module 'requests' from '/Users/seng/Documents/GitHub/android_sandbox/.venv/lib/python3.12/site-packages/requests/__init__.py'>

requests.exceptions.HTTPError: 500 Internal Server Error for url: http://localhost:6800/task/init | detail: init_task('DuwuOrderV005CancelOrderTask') failed: Task 'DuwuOrderV005CancelOrderTask' failed during initialize_task(): Duwu POST /api/tasks/{self.app_task_id}/start failed: Duwu POST /api/tasks/order_v005_cancel_order/start → HTTP 500: {"error":"Failed to start session: PG::UndefinedColumn: ERROR:  column skus.name does not exist\nLINE 1: ...ion\" IN ($1, $2) AND \"skus\".\"product_id\" = $3 AND \"skus\".\"na...\n                   
2026-05-30 04:45:51.375 | INFO     | __main__:run_pass_k:203 - 
============================================================
Starting episode 2/3: DuwuOrderV005CancelOrderTask
============================================================
2026-05-30 04:45:51.404 | INFO     | __main__:run_episode:65 - Task: DuwuOrderV005CancelOrderTask | Goal: 【当前账户档案】账号：demo@rlbox.ai；昵称：福瑜是我；支付密码：无需密码，如需支付直接确认即可。请基于以上档案打开 com.duwu 并完成以下任务：有一笔待发货的订单我不想要了，帮我取消掉
2026-05-30 04:45:51.489 | ERROR    | __main__:run_pass_k:238 - Episode 2 failed with exception
Traceback (most recent call last):

  File "<frozen runpy>", line 198, in _run_module_as_main
  File "<frozen runpy>", line 88, in _run_code

  File "/Users/seng/Documents/GitHub/android_sandbox/src/android_tasks_external/agent_loop/runner.py", line 376, in <module>
    main()
    └ <function main at 0x1086efd80>

  File "/Users/seng/Documents/GitHub/android_sandbox/src/android_tasks_external/agent_loop/runner.py", line 353, in main
    summary = run_pass_k(
              └ <function run_pass_k at 0x1086efc40>

> File "/Users/seng/Documents/GitHub/android_sandbox/src/android_tasks_external/agent_loop/runner.py", line 227, in run_pass_k
    result = run_episode(
             └ <function run_episode at 0x1086efba0>

  File "/Users/seng/Documents/GitHub/android_sandbox/src/android_tasks_external/agent_loop/runner.py", line 67, in run_episode
    observation = env.initialize_task(task_name)
                  │   │               └ 'DuwuOrderV005CancelOrderTask'
                  │   └ <function ExternalAndroidEnvClient.initialize_task at 0x1086eefc0>
                  └ <android_tasks_external.agent_loop.client.ExternalAndroidEnvClient object at 0x108503ad0>

  File "/Users/seng/Documents/GitHub/android_sandbox/src/android_tasks_external/agent_loop/client.py", line 107, in initialize_task
    response = self._request("POST", "/task/init", json_body=payload, timeout=600.0)
               │    │                                        └ {'task_name': 'DuwuOrderV005CancelOrderTask'}
               │    └ <function ExternalAndroidEnvClient._request at 0x1086eed40>
               └ <android_tasks_external.agent_loop.client.ExternalAndroidEnvClient object at 0x108503ad0>

  File "/Users/seng/Documents/GitHub/android_sandbox/src/android_tasks_external/agent_loop/client.py", line 70, in _request
    raise requests.HTTPError(msg, response=response)
          │        │         │             └ <Response [500]>
          │        │         └ '500 Internal Server Error for url: http://localhost:6800/task/init | detail: init_task(\'DuwuOrderV005CancelOrderTask\') fai...
          │        └ <class 'requests.exceptions.HTTPError'>
          └ <module 'requests' from '/Users/seng/Documents/GitHub/android_sandbox/.venv/lib/python3.12/site-packages/requests/__init__.py'>

requests.exceptions.HTTPError: 500 Internal Server Error for url: http://localhost:6800/task/init | detail: init_task('DuwuOrderV005CancelOrderTask') failed: Task 'DuwuOrderV005CancelOrderTask' failed during initialize_task(): Duwu POST /api/tasks/{self.app_task_id}/start failed: Duwu POST /api/tasks/order_v005_cancel_order/start → HTTP 500: {"error":"Failed to start session: PG::UndefinedColumn: ERROR:  column skus.name does not exist\nLINE 1: ...ion\" IN ($1, $2) AND \"skus\".\"product_id\" = $3 AND \"skus\".\"na...\n                   
2026-05-30 04:45:51.489 | INFO     | __main__:run_pass_k:203 - 
============================================================
Starting episode 3/3: DuwuOrderV005CancelOrderTask
============================================================
2026-05-30 04:45:51.511 | INFO     | __main__:run_episode:65 - Task: DuwuOrderV005CancelOrderTask | Goal: 【当前账户档案】账号：demo@rlbox.ai；昵称：福瑜是我；支付密码：无需密码，如需支付直接确认即可。请基于以上档案打开 com.duwu 并完成以下任务：有一笔待发货的订单我不想要了，帮我取消掉
2026-05-30 04:45:51.614 | ERROR    | __main__:run_pass_k:238 - Episode 3 failed with exception
Traceback (most recent call last):

  File "<frozen runpy>", line 198, in _run_module_as_main
  File "<frozen runpy>", line 88, in _run_code

  File "/Users/seng/Documents/GitHub/android_sandbox/src/android_tasks_external/agent_loop/runner.py", line 376, in <module>
    main()
    └ <function main at 0x1086efd80>

  File "/Users/seng/Documents/GitHub/android_sandbox/src/android_tasks_external/agent_loop/runner.py", line 353, in main
    summary = run_pass_k(
              └ <function run_pass_k at 0x1086efc40>

> File "/Users/seng/Documents/GitHub/android_sandbox/src/android_tasks_external/agent_loop/runner.py", line 227, in run_pass_k
    result = run_episode(
             └ <function run_episode at 0x1086efba0>

  File "/Users/seng/Documents/GitHub/android_sandbox/src/android_tasks_external/agent_loop/runner.py", line 67, in run_episode
    observation = env.initialize_task(task_name)
                  │   │               └ 'DuwuOrderV005CancelOrderTask'
                  │   └ <function ExternalAndroidEnvClient.initialize_task at 0x1086eefc0>
                  └ <android_tasks_external.agent_loop.client.ExternalAndroidEnvClient object at 0x108503ad0>

  File "/Users/seng/Documents/GitHub/android_sandbox/src/android_tasks_external/agent_loop/client.py", line 107, in initialize_task
    response = self._request("POST", "/task/init", json_body=payload, timeout=600.0)
               │    │                                        └ {'task_name': 'DuwuOrderV005CancelOrderTask'}
               │    └ <function ExternalAndroidEnvClient._request at 0x1086eed40>
               └ <android_tasks_external.agent_loop.client.ExternalAndroidEnvClient object at 0x108503ad0>

  File "/Users/seng/Documents/GitHub/android_sandbox/src/android_tasks_external/agent_loop/client.py", line 70, in _request
    raise requests.HTTPError(msg, response=response)
          │        │         │             └ <Response [500]>
          │        │         └ '500 Internal Server Error for url: http://localhost:6800/task/init | detail: init_task(\'DuwuOrderV005CancelOrderTask\') fai...
          │        └ <class 'requests.exceptions.HTTPError'>
          └ <module 'requests' from '/Users/seng/Documents/GitHub/android_sandbox/.venv/lib/python3.12/site-packages/requests/__init__.py'>

requests.exceptions.HTTPError: 500 Internal Server Error for url: http://localhost:6800/task/init | detail: init_task('DuwuOrderV005CancelOrderTask') failed: Task 'DuwuOrderV005CancelOrderTask' failed during initialize_task(): Duwu POST /api/tasks/{self.app_task_id}/start failed: Duwu POST /api/tasks/order_v005_cancel_order/start → HTTP 500: {"error":"Failed to start session: PG::UndefinedColumn: ERROR:  column skus.name does not exist\nLINE 1: ...ion\" IN ($1, $2) AND \"skus\".\"product_id\" = $3 AND \"skus\".\"na...\n                   
2026-05-30 04:45:51.615 | INFO     | __main__:run_pass_k:279 - Pass@k done: task=DuwuOrderV005CancelOrderTask success=0/3 success_rate=0.0000 pass_at_k=0.0 terminated_breakdown={'exception': 3}
{
  "task_name": "DuwuOrderV005CancelOrderTask",
  "server_url": "http://localhost:6800",
  "model_name": "doubao-seed-2-0-lite-260428",
  "llm_base_url": "https://ark.cn-beijing.volces.com/api/v3",
  "k": 3,
  "success_count": 0,
  "success_rate": 0.0,
  "pass_at_k": 0.0,
  "fail_consistency": "3/3_failed",
  "early_stop": false,
  "episodes_run": 3,
  "terminated_breakdown": {
    "exception": 3
  },
  "episodes": [
    {
      "episode_index": 1,
      "score": 0.0,
      "reason": "exception: 500 Internal Server Error for url: http://localhost:6800/task/init | detail: init_task('DuwuOrderV005CancelOrderTask') failed: Task 'DuwuOrderV005CancelOrderTask' failed during initialize_task(): Duwu POST /api/tasks/{self.app_task_id}/start failed: Duwu POST /api/tasks/order_v005_cancel_order/start → HTTP 500: {\"error\":\"Failed to start session: PG::UndefinedColumn: ERROR:  column skus.name does not exist\\nLINE 1: ...ion\\\" IN ($1, $2) AND \\\"skus\\\".\\\"product_id\\\" = $3 AND \\\"skus\\\".\\\"na...\\n                   ",
      "steps": 0,
      "success": false,
      "artifact_dir": "/tmp/pass_at_3_reports/duwu_20260530_041155/artifacts/DuwuOrderV005CancelOrderTask/episode_001",
      "terminated_reason": "exception",
      "eval_details": null
    },
    {
      "episode_index": 2,
      "score": 0.0,
      "reason": "exception: 500 Internal Server Error for url: http://localhost:6800/task/init | detail: init_task('DuwuOrderV005CancelOrderTask') failed: Task 'DuwuOrderV005CancelOrderTask' failed during initialize_task(): Duwu POST /api/tasks/{self.app_task_id}/start failed: Duwu POST /api/tasks/order_v005_cancel_order/start → HTTP 500: {\"error\":\"Failed to start session: PG::UndefinedColumn: ERROR:  column skus.name does not exist\\nLINE 1: ...ion\\\" IN ($1, $2) AND \\\"skus\\\".\\\"product_id\\\" = $3 AND \\\"skus\\\".\\\"na...\\n                   ",
      "steps": 0,
      "success": false,
      "artifact_dir": "/tmp/pass_at_3_reports/duwu_20260530_041155/artifacts/DuwuOrderV005CancelOrderTask/episode_002",
      "terminated_reason": "exception",
      "eval_details": null
    },
    {
      "episode_index": 3,
      "score": 0.0,
      "reason": "exception: 500 Internal Server Error for url: http://localhost:6800/task/init | detail: init_task('DuwuOrderV005CancelOrderTask') failed: Task 'DuwuOrderV005CancelOrderTask' failed during initialize_task(): Duwu POST /api/tasks/{self.app_task_id}/start failed: Duwu POST /api/tasks/order_v005_cancel_order/start → HTTP 500: {\"error\":\"Failed to start session: PG::UndefinedColumn: ERROR:  column skus.name does not exist\\nLINE 1: ...ion\\\" IN ($1, $2) AND \\\"skus\\\".\\\"product_id\\\" = $3 AND \\\"skus\\\".\\\"na...\\n                   ",
      "steps": 0,
      "success": false,
      "artifact_dir": "/tmp/pass_at_3_reports/duwu_20260530_041155/artifacts/DuwuOrderV005CancelOrderTask/episode_003",
      "terminated_reason": "exception",
      "eval_details": null
    }
  ]
}
