🦞 runner args: server=http://localhost:6800 k=1 max_steps=50 mode=single-candidate
🦞 candidates:  [primary=doubao-seed-2-0-pro-260215]
🦞 user args:   --task-name WogoumarketCheckoutV007DropOffDoorCurrentOrderTask --k 3 --max-steps 50 --artifact-root /tmp/pass_at_3_reports/wogoumarket_20260710_181845/artifacts/WogoumarketCheckoutV007DropOffDoorCurrentOrderTask --early-stop

/Users/kehan/Documents/GitHub/android_sandbox/.venv/lib/python3.9/site-packages/urllib3/__init__.py:35: NotOpenSSLWarning: urllib3 v2 only supports OpenSSL 1.1.1+, currently the 'ssl' module is compiled with 'LibreSSL 2.8.3'. See: https://github.com/urllib3/urllib3/issues/3020
  warnings.warn(
2026-07-10 19:03:10.517 | INFO     | __main__:run_pass_k:211 - Server healthy at http://localhost:6800
2026-07-10 19:03:10.517 | INFO     | __main__:run_pass_k:212 - Pass@k start: task=WogoumarketCheckoutV007DropOffDoorCurrentOrderTask k=3 max_steps=50
2026-07-10 19:03:10.517 | INFO     | __main__:run_pass_k:217 - 
============================================================
Starting episode 1/3: WogoumarketCheckoutV007DropOffDoorCurrentOrderTask
============================================================
2026-07-10 19:03:10.602 | INFO     | __main__:run_episode:79 - Task: WogoumarketCheckoutV007DropOffDoorCurrentOrderTask | Goal: 结算购物车时放置地点选择家门口、应用范围仅对该订单开启，并完成支付
2026-07-10 19:04:48.374 | ERROR    | __main__:run_pass_k:239 - Episode 1 failed with exception
Traceback (most recent call last):

  File "/Library/Developer/CommandLineTools/Library/Frameworks/Python3.framework/Versions/3.9/lib/python3.9/runpy.py", line 197, in _run_module_as_main
    return _run_code(code, main_globals, None,
           │         │     └ {'__name__': '__main__', '__doc__': None, '__package__': 'android_tasks_external.agent_loop', '__loader__': <_frozen_importli...
           │         └ <code object <module> at 0x104cd73a0, file "/Users/kehan/Documents/GitHub/android_sandbox/src/android_tasks_external/agent_lo...
           └ <function _run_code at 0x1049f49d0>
  File "/Library/Developer/CommandLineTools/Library/Frameworks/Python3.framework/Versions/3.9/lib/python3.9/runpy.py", line 87, in _run_code
    exec(code, run_globals)
         │     └ {'__name__': '__main__', '__doc__': None, '__package__': 'android_tasks_external.agent_loop', '__loader__': <_frozen_importli...
         └ <code object <module> at 0x104cd73a0, file "/Users/kehan/Documents/GitHub/android_sandbox/src/android_tasks_external/agent_lo...

  File "/Users/kehan/Documents/GitHub/android_sandbox/src/android_tasks_external/agent_loop/runner.py", line 374, in <module>
    main()
    └ <function main at 0x1181c6820>

  File "/Users/kehan/Documents/GitHub/android_sandbox/src/android_tasks_external/agent_loop/runner.py", line 351, in main
    summary = run_pass_k(
              └ <function run_pass_k at 0x1181c6700>

> File "/Users/kehan/Documents/GitHub/android_sandbox/src/android_tasks_external/agent_loop/runner.py", line 228, in run_pass_k
    result = run_episode(
             └ <function run_episode at 0x1181c6670>

  File "/Users/kehan/Documents/GitHub/android_sandbox/src/android_tasks_external/agent_loop/runner.py", line 84, in run_episode
    observation = env.initialize_task(task_name)
                  │   │               └ 'WogoumarketCheckoutV007DropOffDoorCurrentOrderTask'
                  │   └ <function ExternalAndroidEnvClient.initialize_task at 0x1181c3b80>
                  └ <android_tasks_external.agent_loop.client.ExternalAndroidEnvClient object at 0x1181c58b0>

  File "/Users/kehan/Documents/GitHub/android_sandbox/src/android_tasks_external/agent_loop/client.py", line 107, in initialize_task
    response = self._request("POST", "/task/init", json_body=payload, timeout=600.0)
               │    │                                        └ {'task_name': 'WogoumarketCheckoutV007DropOffDoorCurrentOrderTask'}
               │    └ <function ExternalAndroidEnvClient._request at 0x1181c3940>
               └ <android_tasks_external.agent_loop.client.ExternalAndroidEnvClient object at 0x1181c58b0>

  File "/Users/kehan/Documents/GitHub/android_sandbox/src/android_tasks_external/agent_loop/client.py", line 70, in _request
    raise requests.HTTPError(msg, response=response)
          │        │         │             └ <Response [500]>
          │        │         └ "500 Internal Server Error for url: http://localhost:6800/task/init | detail: init_task('WogoumarketCheckoutV007DropOffDoorCu...
          │        └ <class 'requests.exceptions.HTTPError'>
          └ <module 'requests' from '/Users/kehan/Documents/GitHub/android_sandbox/.venv/lib/python3.9/site-packages/requests/__init__.py'>

requests.exceptions.HTTPError: 500 Internal Server Error for url: http://localhost:6800/task/init | detail: init_task('WogoumarketCheckoutV007DropOffDoorCurrentOrderTask') failed: Task 'WogoumarketCheckoutV007DropOffDoorCurrentOrderTask' failed during initialize_task()
2026-07-10 19:04:48.391 | INFO     | __main__:run_pass_k:217 - 
============================================================
Starting episode 2/3: WogoumarketCheckoutV007DropOffDoorCurrentOrderTask
============================================================
2026-07-10 19:04:48.422 | INFO     | __main__:run_episode:79 - Task: WogoumarketCheckoutV007DropOffDoorCurrentOrderTask | Goal: 结算购物车时放置地点选择家门口、应用范围仅对该订单开启，并完成支付
2026-07-10 19:06:26.850 | ERROR    | __main__:run_pass_k:239 - Episode 2 failed with exception
Traceback (most recent call last):

  File "/Library/Developer/CommandLineTools/Library/Frameworks/Python3.framework/Versions/3.9/lib/python3.9/runpy.py", line 197, in _run_module_as_main
    return _run_code(code, main_globals, None,
           │         │     └ {'__name__': '__main__', '__doc__': None, '__package__': 'android_tasks_external.agent_loop', '__loader__': <_frozen_importli...
           │         └ <code object <module> at 0x104cd73a0, file "/Users/kehan/Documents/GitHub/android_sandbox/src/android_tasks_external/agent_lo...
           └ <function _run_code at 0x1049f49d0>
  File "/Library/Developer/CommandLineTools/Library/Frameworks/Python3.framework/Versions/3.9/lib/python3.9/runpy.py", line 87, in _run_code
    exec(code, run_globals)
         │     └ {'__name__': '__main__', '__doc__': None, '__package__': 'android_tasks_external.agent_loop', '__loader__': <_frozen_importli...
         └ <code object <module> at 0x104cd73a0, file "/Users/kehan/Documents/GitHub/android_sandbox/src/android_tasks_external/agent_lo...

  File "/Users/kehan/Documents/GitHub/android_sandbox/src/android_tasks_external/agent_loop/runner.py", line 374, in <module>
    main()
    └ <function main at 0x1181c6820>

  File "/Users/kehan/Documents/GitHub/android_sandbox/src/android_tasks_external/agent_loop/runner.py", line 351, in main
    summary = run_pass_k(
              └ <function run_pass_k at 0x1181c6700>

> File "/Users/kehan/Documents/GitHub/android_sandbox/src/android_tasks_external/agent_loop/runner.py", line 228, in run_pass_k
    result = run_episode(
             └ <function run_episode at 0x1181c6670>

  File "/Users/kehan/Documents/GitHub/android_sandbox/src/android_tasks_external/agent_loop/runner.py", line 84, in run_episode
    observation = env.initialize_task(task_name)
                  │   │               └ 'WogoumarketCheckoutV007DropOffDoorCurrentOrderTask'
                  │   └ <function ExternalAndroidEnvClient.initialize_task at 0x1181c3b80>
                  └ <android_tasks_external.agent_loop.client.ExternalAndroidEnvClient object at 0x1181c58b0>

  File "/Users/kehan/Documents/GitHub/android_sandbox/src/android_tasks_external/agent_loop/client.py", line 107, in initialize_task
    response = self._request("POST", "/task/init", json_body=payload, timeout=600.0)
               │    │                                        └ {'task_name': 'WogoumarketCheckoutV007DropOffDoorCurrentOrderTask'}
               │    └ <function ExternalAndroidEnvClient._request at 0x1181c3940>
               └ <android_tasks_external.agent_loop.client.ExternalAndroidEnvClient object at 0x1181c58b0>

  File "/Users/kehan/Documents/GitHub/android_sandbox/src/android_tasks_external/agent_loop/client.py", line 70, in _request
    raise requests.HTTPError(msg, response=response)
          │        │         │             └ <Response [500]>
          │        │         └ "500 Internal Server Error for url: http://localhost:6800/task/init | detail: init_task('WogoumarketCheckoutV007DropOffDoorCu...
          │        └ <class 'requests.exceptions.HTTPError'>
          └ <module 'requests' from '/Users/kehan/Documents/GitHub/android_sandbox/.venv/lib/python3.9/site-packages/requests/__init__.py'>

requests.exceptions.HTTPError: 500 Internal Server Error for url: http://localhost:6800/task/init | detail: init_task('WogoumarketCheckoutV007DropOffDoorCurrentOrderTask') failed: Task 'WogoumarketCheckoutV007DropOffDoorCurrentOrderTask' failed during initialize_task()
2026-07-10 19:06:26.858 | INFO     | __main__:run_pass_k:217 - 
============================================================
Starting episode 3/3: WogoumarketCheckoutV007DropOffDoorCurrentOrderTask
============================================================
2026-07-10 19:06:26.890 | INFO     | __main__:run_episode:79 - Task: WogoumarketCheckoutV007DropOffDoorCurrentOrderTask | Goal: 结算购物车时放置地点选择家门口、应用范围仅对该订单开启，并完成支付
2026-07-10 19:08:04.245 | ERROR    | __main__:run_pass_k:239 - Episode 3 failed with exception
Traceback (most recent call last):

  File "/Library/Developer/CommandLineTools/Library/Frameworks/Python3.framework/Versions/3.9/lib/python3.9/runpy.py", line 197, in _run_module_as_main
    return _run_code(code, main_globals, None,
           │         │     └ {'__name__': '__main__', '__doc__': None, '__package__': 'android_tasks_external.agent_loop', '__loader__': <_frozen_importli...
           │         └ <code object <module> at 0x104cd73a0, file "/Users/kehan/Documents/GitHub/android_sandbox/src/android_tasks_external/agent_lo...
           └ <function _run_code at 0x1049f49d0>
  File "/Library/Developer/CommandLineTools/Library/Frameworks/Python3.framework/Versions/3.9/lib/python3.9/runpy.py", line 87, in _run_code
    exec(code, run_globals)
         │     └ {'__name__': '__main__', '__doc__': None, '__package__': 'android_tasks_external.agent_loop', '__loader__': <_frozen_importli...
         └ <code object <module> at 0x104cd73a0, file "/Users/kehan/Documents/GitHub/android_sandbox/src/android_tasks_external/agent_lo...

  File "/Users/kehan/Documents/GitHub/android_sandbox/src/android_tasks_external/agent_loop/runner.py", line 374, in <module>
    main()
    └ <function main at 0x1181c6820>

  File "/Users/kehan/Documents/GitHub/android_sandbox/src/android_tasks_external/agent_loop/runner.py", line 351, in main
    summary = run_pass_k(
              └ <function run_pass_k at 0x1181c6700>

> File "/Users/kehan/Documents/GitHub/android_sandbox/src/android_tasks_external/agent_loop/runner.py", line 228, in run_pass_k
    result = run_episode(
             └ <function run_episode at 0x1181c6670>

  File "/Users/kehan/Documents/GitHub/android_sandbox/src/android_tasks_external/agent_loop/runner.py", line 84, in run_episode
    observation = env.initialize_task(task_name)
                  │   │               └ 'WogoumarketCheckoutV007DropOffDoorCurrentOrderTask'
                  │   └ <function ExternalAndroidEnvClient.initialize_task at 0x1181c3b80>
                  └ <android_tasks_external.agent_loop.client.ExternalAndroidEnvClient object at 0x1181c58b0>

  File "/Users/kehan/Documents/GitHub/android_sandbox/src/android_tasks_external/agent_loop/client.py", line 107, in initialize_task
    response = self._request("POST", "/task/init", json_body=payload, timeout=600.0)
               │    │                                        └ {'task_name': 'WogoumarketCheckoutV007DropOffDoorCurrentOrderTask'}
               │    └ <function ExternalAndroidEnvClient._request at 0x1181c3940>
               └ <android_tasks_external.agent_loop.client.ExternalAndroidEnvClient object at 0x1181c58b0>

  File "/Users/kehan/Documents/GitHub/android_sandbox/src/android_tasks_external/agent_loop/client.py", line 70, in _request
    raise requests.HTTPError(msg, response=response)
          │        │         │             └ <Response [500]>
          │        │         └ "500 Internal Server Error for url: http://localhost:6800/task/init | detail: init_task('WogoumarketCheckoutV007DropOffDoorCu...
          │        └ <class 'requests.exceptions.HTTPError'>
          └ <module 'requests' from '/Users/kehan/Documents/GitHub/android_sandbox/.venv/lib/python3.9/site-packages/requests/__init__.py'>

requests.exceptions.HTTPError: 500 Internal Server Error for url: http://localhost:6800/task/init | detail: init_task('WogoumarketCheckoutV007DropOffDoorCurrentOrderTask') failed: Task 'WogoumarketCheckoutV007DropOffDoorCurrentOrderTask' failed during initialize_task()
2026-07-10 19:08:04.252 | INFO     | __main__:run_pass_k:275 - Pass@k done: task=WogoumarketCheckoutV007DropOffDoorCurrentOrderTask success=0/3 success_rate=0.0000 pass_at_k=0.0 terminated_breakdown={'exception': 3}
{
  "task_name": "WogoumarketCheckoutV007DropOffDoorCurrentOrderTask",
  "server_url": "http://localhost:6800",
  "model_name": "doubao-seed-2-0-pro-260215",
  "llm_base_url": "https://ark.cn-beijing.volces.com/api/v3",
  "k": 3,
  "success_count": 0,
  "success_rate": 0.0,
  "pass_at_k": 0.0,
  "terminated_breakdown": {
    "exception": 3
  },
  "episodes": [
    {
      "episode_index": 1,
      "score": 0.0,
      "reason": "exception: 500 Internal Server Error for url: http://localhost:6800/task/init | detail: init_task('WogoumarketCheckoutV007DropOffDoorCurrentOrderTask') failed: Task 'WogoumarketCheckoutV007DropOffDoorCurrentOrderTask' failed during initialize_task()",
      "steps": 0,
      "success": false,
      "artifact_dir": "/tmp/pass_at_3_reports/wogoumarket_20260710_181845/artifacts/WogoumarketCheckoutV007DropOffDoorCurrentOrderTask/episode_001",
      "terminated_reason": "exception",
      "eval_details": null
    },
    {
      "episode_index": 2,
      "score": 0.0,
      "reason": "exception: 500 Internal Server Error for url: http://localhost:6800/task/init | detail: init_task('WogoumarketCheckoutV007DropOffDoorCurrentOrderTask') failed: Task 'WogoumarketCheckoutV007DropOffDoorCurrentOrderTask' failed during initialize_task()",
      "steps": 0,
      "success": false,
      "artifact_dir": "/tmp/pass_at_3_reports/wogoumarket_20260710_181845/artifacts/WogoumarketCheckoutV007DropOffDoorCurrentOrderTask/episode_002",
      "terminated_reason": "exception",
      "eval_details": null
    },
    {
      "episode_index": 3,
      "score": 0.0,
      "reason": "exception: 500 Internal Server Error for url: http://localhost:6800/task/init | detail: init_task('WogoumarketCheckoutV007DropOffDoorCurrentOrderTask') failed: Task 'WogoumarketCheckoutV007DropOffDoorCurrentOrderTask' failed during initialize_task()",
      "steps": 0,
      "success": false,
      "artifact_dir": "/tmp/pass_at_3_reports/wogoumarket_20260710_181845/artifacts/WogoumarketCheckoutV007DropOffDoorCurrentOrderTask/episode_003",
      "terminated_reason": "exception",
      "eval_details": null
    }
  ]
}
