🦞 runner args: server=http://localhost:6800 k=1 max_steps=80 mode=single-candidate
🦞 candidates:  [primary=doubao-seed-2-0-lite-260428]
🦞 user args:   --task-name DuwuWantsV011BuyPriceAlertedUniqlotTask --k 3 --max-steps 80 --artifact-root /tmp/pass_at_3_reports/duwu_20260702_134851/artifacts/DuwuWantsV011BuyPriceAlertedUniqlotTask

2026-07-02 14:52:55.281 | INFO     | __main__:run_pass_k:211 - Server healthy at http://localhost:6800
2026-07-02 14:52:55.281 | INFO     | __main__:run_pass_k:212 - Pass@k start: task=DuwuWantsV011BuyPriceAlertedUniqlotTask k=3 max_steps=80
2026-07-02 14:52:55.281 | INFO     | __main__:run_pass_k:217 - 
============================================================
Starting episode 1/3: DuwuWantsV011BuyPriceAlertedUniqlotTask
============================================================
2026-07-02 14:52:55.360 | INFO     | __main__:run_episode:79 - Task: DuwuWantsV011BuyPriceAlertedUniqlotTask | Goal: 之前订阅了优衣库 UT KAWS 联名 印花 T 恤 L码白色的降价提醒，现在降价到60了，帮我在「我想要的」列表里勾选它，点「结算」，然后确认支付（支付时直接点击确认支付，无需向我确认）
2026-07-02 14:54:32.293 | ERROR    | __main__:run_pass_k:239 - Episode 1 failed with exception
Traceback (most recent call last):

  File "<frozen runpy>", line 198, in _run_module_as_main
  File "<frozen runpy>", line 88, in _run_code

  File "/Users/seng/Documents/GitHub/android_sandbox/src/android_tasks_external/agent_loop/runner.py", line 374, in <module>
    main()
    └ <function main at 0x1045fbf60>

  File "/Users/seng/Documents/GitHub/android_sandbox/src/android_tasks_external/agent_loop/runner.py", line 351, in main
    summary = run_pass_k(
              └ <function run_pass_k at 0x1045fbe20>

> File "/Users/seng/Documents/GitHub/android_sandbox/src/android_tasks_external/agent_loop/runner.py", line 228, in run_pass_k
    result = run_episode(
             └ <function run_episode at 0x1045fbd80>

  File "/Users/seng/Documents/GitHub/android_sandbox/src/android_tasks_external/agent_loop/runner.py", line 84, in run_episode
    observation = env.initialize_task(task_name)
                  │   │               └ 'DuwuWantsV011BuyPriceAlertedUniqlotTask'
                  │   └ <function ExternalAndroidEnvClient.initialize_task at 0x1045fb100>
                  └ <android_tasks_external.agent_loop.client.ExternalAndroidEnvClient object at 0x103b1a960>

  File "/Users/seng/Documents/GitHub/android_sandbox/src/android_tasks_external/agent_loop/client.py", line 107, in initialize_task
    response = self._request("POST", "/task/init", json_body=payload, timeout=600.0)
               │    │                                        └ {'task_name': 'DuwuWantsV011BuyPriceAlertedUniqlotTask'}
               │    └ <function ExternalAndroidEnvClient._request at 0x1045fae80>
               └ <android_tasks_external.agent_loop.client.ExternalAndroidEnvClient object at 0x103b1a960>

  File "/Users/seng/Documents/GitHub/android_sandbox/src/android_tasks_external/agent_loop/client.py", line 70, in _request
    raise requests.HTTPError(msg, response=response)
          │        │         │             └ <Response [500]>
          │        │         └ "500 Internal Server Error for url: http://localhost:6800/task/init | detail: init_task('DuwuWantsV011BuyPriceAlertedUniqlotT...
          │        └ <class 'requests.exceptions.HTTPError'>
          └ <module 'requests' from '/Users/seng/Documents/GitHub/android_sandbox/.venv/lib/python3.12/site-packages/requests/__init__.py'>

requests.exceptions.HTTPError: 500 Internal Server Error for url: http://localhost:6800/task/init | detail: init_task('DuwuWantsV011BuyPriceAlertedUniqlotTask') failed: Task 'DuwuWantsV011BuyPriceAlertedUniqlotTask' failed during initialize_task()
2026-07-02 14:54:32.299 | INFO     | __main__:run_pass_k:217 - 
============================================================
Starting episode 2/3: DuwuWantsV011BuyPriceAlertedUniqlotTask
============================================================
2026-07-02 14:54:32.328 | INFO     | __main__:run_episode:79 - Task: DuwuWantsV011BuyPriceAlertedUniqlotTask | Goal: 之前订阅了优衣库 UT KAWS 联名 印花 T 恤 L码白色的降价提醒，现在降价到60了，帮我在「我想要的」列表里勾选它，点「结算」，然后确认支付（支付时直接点击确认支付，无需向我确认）
2026-07-02 14:56:09.316 | ERROR    | __main__:run_pass_k:239 - Episode 2 failed with exception
Traceback (most recent call last):

  File "<frozen runpy>", line 198, in _run_module_as_main
  File "<frozen runpy>", line 88, in _run_code

  File "/Users/seng/Documents/GitHub/android_sandbox/src/android_tasks_external/agent_loop/runner.py", line 374, in <module>
    main()
    └ <function main at 0x1045fbf60>

  File "/Users/seng/Documents/GitHub/android_sandbox/src/android_tasks_external/agent_loop/runner.py", line 351, in main
    summary = run_pass_k(
              └ <function run_pass_k at 0x1045fbe20>

> File "/Users/seng/Documents/GitHub/android_sandbox/src/android_tasks_external/agent_loop/runner.py", line 228, in run_pass_k
    result = run_episode(
             └ <function run_episode at 0x1045fbd80>

  File "/Users/seng/Documents/GitHub/android_sandbox/src/android_tasks_external/agent_loop/runner.py", line 84, in run_episode
    observation = env.initialize_task(task_name)
                  │   │               └ 'DuwuWantsV011BuyPriceAlertedUniqlotTask'
                  │   └ <function ExternalAndroidEnvClient.initialize_task at 0x1045fb100>
                  └ <android_tasks_external.agent_loop.client.ExternalAndroidEnvClient object at 0x103b1a960>

  File "/Users/seng/Documents/GitHub/android_sandbox/src/android_tasks_external/agent_loop/client.py", line 107, in initialize_task
    response = self._request("POST", "/task/init", json_body=payload, timeout=600.0)
               │    │                                        └ {'task_name': 'DuwuWantsV011BuyPriceAlertedUniqlotTask'}
               │    └ <function ExternalAndroidEnvClient._request at 0x1045fae80>
               └ <android_tasks_external.agent_loop.client.ExternalAndroidEnvClient object at 0x103b1a960>

  File "/Users/seng/Documents/GitHub/android_sandbox/src/android_tasks_external/agent_loop/client.py", line 70, in _request
    raise requests.HTTPError(msg, response=response)
          │        │         │             └ <Response [500]>
          │        │         └ "500 Internal Server Error for url: http://localhost:6800/task/init | detail: init_task('DuwuWantsV011BuyPriceAlertedUniqlotT...
          │        └ <class 'requests.exceptions.HTTPError'>
          └ <module 'requests' from '/Users/seng/Documents/GitHub/android_sandbox/.venv/lib/python3.12/site-packages/requests/__init__.py'>

requests.exceptions.HTTPError: 500 Internal Server Error for url: http://localhost:6800/task/init | detail: init_task('DuwuWantsV011BuyPriceAlertedUniqlotTask') failed: Task 'DuwuWantsV011BuyPriceAlertedUniqlotTask' failed during initialize_task()
2026-07-02 14:56:09.326 | INFO     | __main__:run_pass_k:217 - 
============================================================
Starting episode 3/3: DuwuWantsV011BuyPriceAlertedUniqlotTask
============================================================
2026-07-02 14:56:09.360 | INFO     | __main__:run_episode:79 - Task: DuwuWantsV011BuyPriceAlertedUniqlotTask | Goal: 之前订阅了优衣库 UT KAWS 联名 印花 T 恤 L码白色的降价提醒，现在降价到60了，帮我在「我想要的」列表里勾选它，点「结算」，然后确认支付（支付时直接点击确认支付，无需向我确认）
2026-07-02 14:57:46.399 | ERROR    | __main__:run_pass_k:239 - Episode 3 failed with exception
Traceback (most recent call last):

  File "<frozen runpy>", line 198, in _run_module_as_main
  File "<frozen runpy>", line 88, in _run_code

  File "/Users/seng/Documents/GitHub/android_sandbox/src/android_tasks_external/agent_loop/runner.py", line 374, in <module>
    main()
    └ <function main at 0x1045fbf60>

  File "/Users/seng/Documents/GitHub/android_sandbox/src/android_tasks_external/agent_loop/runner.py", line 351, in main
    summary = run_pass_k(
              └ <function run_pass_k at 0x1045fbe20>

> File "/Users/seng/Documents/GitHub/android_sandbox/src/android_tasks_external/agent_loop/runner.py", line 228, in run_pass_k
    result = run_episode(
             └ <function run_episode at 0x1045fbd80>

  File "/Users/seng/Documents/GitHub/android_sandbox/src/android_tasks_external/agent_loop/runner.py", line 84, in run_episode
    observation = env.initialize_task(task_name)
                  │   │               └ 'DuwuWantsV011BuyPriceAlertedUniqlotTask'
                  │   └ <function ExternalAndroidEnvClient.initialize_task at 0x1045fb100>
                  └ <android_tasks_external.agent_loop.client.ExternalAndroidEnvClient object at 0x103b1a960>

  File "/Users/seng/Documents/GitHub/android_sandbox/src/android_tasks_external/agent_loop/client.py", line 107, in initialize_task
    response = self._request("POST", "/task/init", json_body=payload, timeout=600.0)
               │    │                                        └ {'task_name': 'DuwuWantsV011BuyPriceAlertedUniqlotTask'}
               │    └ <function ExternalAndroidEnvClient._request at 0x1045fae80>
               └ <android_tasks_external.agent_loop.client.ExternalAndroidEnvClient object at 0x103b1a960>

  File "/Users/seng/Documents/GitHub/android_sandbox/src/android_tasks_external/agent_loop/client.py", line 70, in _request
    raise requests.HTTPError(msg, response=response)
          │        │         │             └ <Response [500]>
          │        │         └ "500 Internal Server Error for url: http://localhost:6800/task/init | detail: init_task('DuwuWantsV011BuyPriceAlertedUniqlotT...
          │        └ <class 'requests.exceptions.HTTPError'>
          └ <module 'requests' from '/Users/seng/Documents/GitHub/android_sandbox/.venv/lib/python3.12/site-packages/requests/__init__.py'>

requests.exceptions.HTTPError: 500 Internal Server Error for url: http://localhost:6800/task/init | detail: init_task('DuwuWantsV011BuyPriceAlertedUniqlotTask') failed: Task 'DuwuWantsV011BuyPriceAlertedUniqlotTask' failed during initialize_task()
2026-07-02 14:57:46.408 | INFO     | __main__:run_pass_k:275 - Pass@k done: task=DuwuWantsV011BuyPriceAlertedUniqlotTask success=0/3 success_rate=0.0000 pass_at_k=0.0 terminated_breakdown={'exception': 3}
{
  "task_name": "DuwuWantsV011BuyPriceAlertedUniqlotTask",
  "server_url": "http://localhost:6800",
  "model_name": "doubao-seed-2-0-lite-260428",
  "llm_base_url": "https://ark.cn-beijing.volces.com/api/v3",
  "k": 3,
  "success_count": 0,
  "success_rate": 0.0,
  "pass_at_k": 0.0,
  "terminated_breakdown": {
    "exception": 3
  },
  "episodes": [
    {
      "episode_index": 1,
      "score": 0.0,
      "reason": "exception: 500 Internal Server Error for url: http://localhost:6800/task/init | detail: init_task('DuwuWantsV011BuyPriceAlertedUniqlotTask') failed: Task 'DuwuWantsV011BuyPriceAlertedUniqlotTask' failed during initialize_task()",
      "steps": 0,
      "success": false,
      "artifact_dir": "/tmp/pass_at_3_reports/duwu_20260702_134851/artifacts/DuwuWantsV011BuyPriceAlertedUniqlotTask/episode_001",
      "terminated_reason": "exception",
      "eval_details": null
    },
    {
      "episode_index": 2,
      "score": 0.0,
      "reason": "exception: 500 Internal Server Error for url: http://localhost:6800/task/init | detail: init_task('DuwuWantsV011BuyPriceAlertedUniqlotTask') failed: Task 'DuwuWantsV011BuyPriceAlertedUniqlotTask' failed during initialize_task()",
      "steps": 0,
      "success": false,
      "artifact_dir": "/tmp/pass_at_3_reports/duwu_20260702_134851/artifacts/DuwuWantsV011BuyPriceAlertedUniqlotTask/episode_002",
      "terminated_reason": "exception",
      "eval_details": null
    },
    {
      "episode_index": 3,
      "score": 0.0,
      "reason": "exception: 500 Internal Server Error for url: http://localhost:6800/task/init | detail: init_task('DuwuWantsV011BuyPriceAlertedUniqlotTask') failed: Task 'DuwuWantsV011BuyPriceAlertedUniqlotTask' failed during initialize_task()",
      "steps": 0,
      "success": false,
      "artifact_dir": "/tmp/pass_at_3_reports/duwu_20260702_134851/artifacts/DuwuWantsV011BuyPriceAlertedUniqlotTask/episode_003",
      "terminated_reason": "exception",
      "eval_details": null
    }
  ]
}
