🦞 runner args: server=http://localhost:6800 k=1 max_steps=50 mode=single-candidate
🦞 candidates:  [primary=doubao-seed-2-0-pro-260215]
🦞 user args:   --task-name WogoumarketNewcomerZoneV007FreshSeafoodAddSecondTask --k 3 --max-steps 50 --artifact-root /tmp/pass_at_3_reports/wogoumarket_20260712_111711/artifacts/WogoumarketNewcomerZoneV007FreshSeafoodAddSecondTask

/Users/kehan/Documents/GitHub/android_sandbox/.venv/lib/python3.9/site-packages/urllib3/__init__.py:35: NotOpenSSLWarning: urllib3 v2 only supports OpenSSL 1.1.1+, currently the 'ssl' module is compiled with 'LibreSSL 2.8.3'. See: https://github.com/urllib3/urllib3/issues/3020
  warnings.warn(
2026-07-12 11:17:47.982 | INFO     | __main__:run_pass_k:211 - Server healthy at http://localhost:6800
2026-07-12 11:17:47.982 | INFO     | __main__:run_pass_k:212 - Pass@k start: task=WogoumarketNewcomerZoneV007FreshSeafoodAddSecondTask k=3 max_steps=50
2026-07-12 11:17:47.982 | INFO     | __main__:run_pass_k:217 - 
============================================================
Starting episode 1/3: WogoumarketNewcomerZoneV007FreshSeafoodAddSecondTask
============================================================
2026-07-12 11:17:48.768 | INFO     | __main__:run_episode:79 - Task: WogoumarketNewcomerZoneV007FreshSeafoodAddSecondTask | Goal: 进入新人专区生鲜板块，在海鲜水产下，帮我加购 1 件虾类产品
2026-07-12 11:17:53.490 | ERROR    | __main__:run_pass_k:239 - Episode 1 failed with exception
Traceback (most recent call last):

  File "/Library/Developer/CommandLineTools/Library/Frameworks/Python3.framework/Versions/3.9/lib/python3.9/runpy.py", line 197, in _run_module_as_main
    return _run_code(code, main_globals, None,
           │         │     └ {'__name__': '__main__', '__doc__': None, '__package__': 'android_tasks_external.agent_loop', '__loader__': <_frozen_importli...
           │         └ <code object <module> at 0x104993450, file "/Users/kehan/Documents/GitHub/android_sandbox/src/android_tasks_external/agent_lo...
           └ <function _run_code at 0x1046b09d0>
  File "/Library/Developer/CommandLineTools/Library/Frameworks/Python3.framework/Versions/3.9/lib/python3.9/runpy.py", line 87, in _run_code
    exec(code, run_globals)
         │     └ {'__name__': '__main__', '__doc__': None, '__package__': 'android_tasks_external.agent_loop', '__loader__': <_frozen_importli...
         └ <code object <module> at 0x104993450, file "/Users/kehan/Documents/GitHub/android_sandbox/src/android_tasks_external/agent_lo...

  File "/Users/kehan/Documents/GitHub/android_sandbox/src/android_tasks_external/agent_loop/runner.py", line 374, in <module>
    main()
    └ <function main at 0x1074d2820>

  File "/Users/kehan/Documents/GitHub/android_sandbox/src/android_tasks_external/agent_loop/runner.py", line 351, in main
    summary = run_pass_k(
              └ <function run_pass_k at 0x1074d2700>

> File "/Users/kehan/Documents/GitHub/android_sandbox/src/android_tasks_external/agent_loop/runner.py", line 228, in run_pass_k
    result = run_episode(
             └ <function run_episode at 0x1074d2670>

  File "/Users/kehan/Documents/GitHub/android_sandbox/src/android_tasks_external/agent_loop/runner.py", line 84, in run_episode
    observation = env.initialize_task(task_name)
                  │   │               └ 'WogoumarketNewcomerZoneV007FreshSeafoodAddSecondTask'
                  │   └ <function ExternalAndroidEnvClient.initialize_task at 0x1074ceb80>
                  └ <android_tasks_external.agent_loop.client.ExternalAndroidEnvClient object at 0x1074d1970>

  File "/Users/kehan/Documents/GitHub/android_sandbox/src/android_tasks_external/agent_loop/client.py", line 107, in initialize_task
    response = self._request("POST", "/task/init", json_body=payload, timeout=600.0)
               │    │                                        └ {'task_name': 'WogoumarketNewcomerZoneV007FreshSeafoodAddSecondTask'}
               │    └ <function ExternalAndroidEnvClient._request at 0x1074ce940>
               └ <android_tasks_external.agent_loop.client.ExternalAndroidEnvClient object at 0x1074d1970>

  File "/Users/kehan/Documents/GitHub/android_sandbox/src/android_tasks_external/agent_loop/client.py", line 70, in _request
    raise requests.HTTPError(msg, response=response)
          │        │         │             └ <Response [500]>
          │        │         └ '500 Internal Server Error for url: http://localhost:6800/task/init | detail: init_task(\'WogoumarketNewcomerZoneV007FreshSea...
          │        └ <class 'requests.exceptions.HTTPError'>
          └ <module 'requests' from '/Users/kehan/Documents/GitHub/android_sandbox/.venv/lib/python3.9/site-packages/requests/__init__.py'>

requests.exceptions.HTTPError: 500 Internal Server Error for url: http://localhost:6800/task/init | detail: init_task('WogoumarketNewcomerZoneV007FreshSeafoodAddSecondTask') failed: Task 'WogoumarketNewcomerZoneV007FreshSeafoodAddSecondTask' failed during initialize_task(): Wogoumarket POST /api/tasks/{self.app_task_id}/start failed: Wogoumarket POST /api/tasks/fd044195-ffd5-44fd-9096-c001004413ea/start → HTTP 500: {"error":"Failed to start session: undefined method `newcomer_used?' for an instance of User"}
2026-07-12 11:17:53.501 | INFO     | __main__:run_pass_k:217 - 
============================================================
Starting episode 2/3: WogoumarketNewcomerZoneV007FreshSeafoodAddSecondTask
============================================================
2026-07-12 11:17:53.533 | INFO     | __main__:run_episode:79 - Task: WogoumarketNewcomerZoneV007FreshSeafoodAddSecondTask | Goal: 进入新人专区生鲜板块，在海鲜水产下，帮我加购 1 件虾类产品
2026-07-12 11:17:58.057 | ERROR    | __main__:run_pass_k:239 - Episode 2 failed with exception
Traceback (most recent call last):

  File "/Library/Developer/CommandLineTools/Library/Frameworks/Python3.framework/Versions/3.9/lib/python3.9/runpy.py", line 197, in _run_module_as_main
    return _run_code(code, main_globals, None,
           │         │     └ {'__name__': '__main__', '__doc__': None, '__package__': 'android_tasks_external.agent_loop', '__loader__': <_frozen_importli...
           │         └ <code object <module> at 0x104993450, file "/Users/kehan/Documents/GitHub/android_sandbox/src/android_tasks_external/agent_lo...
           └ <function _run_code at 0x1046b09d0>
  File "/Library/Developer/CommandLineTools/Library/Frameworks/Python3.framework/Versions/3.9/lib/python3.9/runpy.py", line 87, in _run_code
    exec(code, run_globals)
         │     └ {'__name__': '__main__', '__doc__': None, '__package__': 'android_tasks_external.agent_loop', '__loader__': <_frozen_importli...
         └ <code object <module> at 0x104993450, file "/Users/kehan/Documents/GitHub/android_sandbox/src/android_tasks_external/agent_lo...

  File "/Users/kehan/Documents/GitHub/android_sandbox/src/android_tasks_external/agent_loop/runner.py", line 374, in <module>
    main()
    └ <function main at 0x1074d2820>

  File "/Users/kehan/Documents/GitHub/android_sandbox/src/android_tasks_external/agent_loop/runner.py", line 351, in main
    summary = run_pass_k(
              └ <function run_pass_k at 0x1074d2700>

> File "/Users/kehan/Documents/GitHub/android_sandbox/src/android_tasks_external/agent_loop/runner.py", line 228, in run_pass_k
    result = run_episode(
             └ <function run_episode at 0x1074d2670>

  File "/Users/kehan/Documents/GitHub/android_sandbox/src/android_tasks_external/agent_loop/runner.py", line 84, in run_episode
    observation = env.initialize_task(task_name)
                  │   │               └ 'WogoumarketNewcomerZoneV007FreshSeafoodAddSecondTask'
                  │   └ <function ExternalAndroidEnvClient.initialize_task at 0x1074ceb80>
                  └ <android_tasks_external.agent_loop.client.ExternalAndroidEnvClient object at 0x1074d1970>

  File "/Users/kehan/Documents/GitHub/android_sandbox/src/android_tasks_external/agent_loop/client.py", line 107, in initialize_task
    response = self._request("POST", "/task/init", json_body=payload, timeout=600.0)
               │    │                                        └ {'task_name': 'WogoumarketNewcomerZoneV007FreshSeafoodAddSecondTask'}
               │    └ <function ExternalAndroidEnvClient._request at 0x1074ce940>
               └ <android_tasks_external.agent_loop.client.ExternalAndroidEnvClient object at 0x1074d1970>

  File "/Users/kehan/Documents/GitHub/android_sandbox/src/android_tasks_external/agent_loop/client.py", line 70, in _request
    raise requests.HTTPError(msg, response=response)
          │        │         │             └ <Response [500]>
          │        │         └ '500 Internal Server Error for url: http://localhost:6800/task/init | detail: init_task(\'WogoumarketNewcomerZoneV007FreshSea...
          │        └ <class 'requests.exceptions.HTTPError'>
          └ <module 'requests' from '/Users/kehan/Documents/GitHub/android_sandbox/.venv/lib/python3.9/site-packages/requests/__init__.py'>

requests.exceptions.HTTPError: 500 Internal Server Error for url: http://localhost:6800/task/init | detail: init_task('WogoumarketNewcomerZoneV007FreshSeafoodAddSecondTask') failed: Task 'WogoumarketNewcomerZoneV007FreshSeafoodAddSecondTask' failed during initialize_task(): Wogoumarket POST /api/tasks/{self.app_task_id}/start failed: Wogoumarket POST /api/tasks/fd044195-ffd5-44fd-9096-c001004413ea/start → HTTP 500: {"error":"Failed to start session: undefined method `newcomer_used?' for an instance of User"}
2026-07-12 11:17:58.069 | INFO     | __main__:run_pass_k:217 - 
============================================================
Starting episode 3/3: WogoumarketNewcomerZoneV007FreshSeafoodAddSecondTask
============================================================
2026-07-12 11:17:58.092 | INFO     | __main__:run_episode:79 - Task: WogoumarketNewcomerZoneV007FreshSeafoodAddSecondTask | Goal: 进入新人专区生鲜板块，在海鲜水产下，帮我加购 1 件虾类产品
2026-07-12 11:18:02.603 | ERROR    | __main__:run_pass_k:239 - Episode 3 failed with exception
Traceback (most recent call last):

  File "/Library/Developer/CommandLineTools/Library/Frameworks/Python3.framework/Versions/3.9/lib/python3.9/runpy.py", line 197, in _run_module_as_main
    return _run_code(code, main_globals, None,
           │         │     └ {'__name__': '__main__', '__doc__': None, '__package__': 'android_tasks_external.agent_loop', '__loader__': <_frozen_importli...
           │         └ <code object <module> at 0x104993450, file "/Users/kehan/Documents/GitHub/android_sandbox/src/android_tasks_external/agent_lo...
           └ <function _run_code at 0x1046b09d0>
  File "/Library/Developer/CommandLineTools/Library/Frameworks/Python3.framework/Versions/3.9/lib/python3.9/runpy.py", line 87, in _run_code
    exec(code, run_globals)
         │     └ {'__name__': '__main__', '__doc__': None, '__package__': 'android_tasks_external.agent_loop', '__loader__': <_frozen_importli...
         └ <code object <module> at 0x104993450, file "/Users/kehan/Documents/GitHub/android_sandbox/src/android_tasks_external/agent_lo...

  File "/Users/kehan/Documents/GitHub/android_sandbox/src/android_tasks_external/agent_loop/runner.py", line 374, in <module>
    main()
    └ <function main at 0x1074d2820>

  File "/Users/kehan/Documents/GitHub/android_sandbox/src/android_tasks_external/agent_loop/runner.py", line 351, in main
    summary = run_pass_k(
              └ <function run_pass_k at 0x1074d2700>

> File "/Users/kehan/Documents/GitHub/android_sandbox/src/android_tasks_external/agent_loop/runner.py", line 228, in run_pass_k
    result = run_episode(
             └ <function run_episode at 0x1074d2670>

  File "/Users/kehan/Documents/GitHub/android_sandbox/src/android_tasks_external/agent_loop/runner.py", line 84, in run_episode
    observation = env.initialize_task(task_name)
                  │   │               └ 'WogoumarketNewcomerZoneV007FreshSeafoodAddSecondTask'
                  │   └ <function ExternalAndroidEnvClient.initialize_task at 0x1074ceb80>
                  └ <android_tasks_external.agent_loop.client.ExternalAndroidEnvClient object at 0x1074d1970>

  File "/Users/kehan/Documents/GitHub/android_sandbox/src/android_tasks_external/agent_loop/client.py", line 107, in initialize_task
    response = self._request("POST", "/task/init", json_body=payload, timeout=600.0)
               │    │                                        └ {'task_name': 'WogoumarketNewcomerZoneV007FreshSeafoodAddSecondTask'}
               │    └ <function ExternalAndroidEnvClient._request at 0x1074ce940>
               └ <android_tasks_external.agent_loop.client.ExternalAndroidEnvClient object at 0x1074d1970>

  File "/Users/kehan/Documents/GitHub/android_sandbox/src/android_tasks_external/agent_loop/client.py", line 70, in _request
    raise requests.HTTPError(msg, response=response)
          │        │         │             └ <Response [500]>
          │        │         └ '500 Internal Server Error for url: http://localhost:6800/task/init | detail: init_task(\'WogoumarketNewcomerZoneV007FreshSea...
          │        └ <class 'requests.exceptions.HTTPError'>
          └ <module 'requests' from '/Users/kehan/Documents/GitHub/android_sandbox/.venv/lib/python3.9/site-packages/requests/__init__.py'>

requests.exceptions.HTTPError: 500 Internal Server Error for url: http://localhost:6800/task/init | detail: init_task('WogoumarketNewcomerZoneV007FreshSeafoodAddSecondTask') failed: Task 'WogoumarketNewcomerZoneV007FreshSeafoodAddSecondTask' failed during initialize_task(): Wogoumarket POST /api/tasks/{self.app_task_id}/start failed: Wogoumarket POST /api/tasks/fd044195-ffd5-44fd-9096-c001004413ea/start → HTTP 500: {"error":"Failed to start session: undefined method `newcomer_used?' for an instance of User"}
2026-07-12 11:18:02.608 | INFO     | __main__:run_pass_k:275 - Pass@k done: task=WogoumarketNewcomerZoneV007FreshSeafoodAddSecondTask success=0/3 success_rate=0.0000 pass_at_k=0.0 terminated_breakdown={'exception': 3}
{
  "task_name": "WogoumarketNewcomerZoneV007FreshSeafoodAddSecondTask",
  "server_url": "http://localhost:6800",
  "model_name": "doubao-seed-2-0-pro-260215",
  "llm_base_url": "https://ark.cn-beijing.volces.com/api/v3",
  "k": 3,
  "success_count": 0,
  "success_rate": 0.0,
  "pass_at_k": 0.0,
  "terminated_breakdown": {
    "exception": 3
  },
  "episodes": [
    {
      "episode_index": 1,
      "score": 0.0,
      "reason": "exception: 500 Internal Server Error for url: http://localhost:6800/task/init | detail: init_task('WogoumarketNewcomerZoneV007FreshSeafoodAddSecondTask') failed: Task 'WogoumarketNewcomerZoneV007FreshSeafoodAddSecondTask' failed during initialize_task(): Wogoumarket POST /api/tasks/{self.app_task_id}/start failed: Wogoumarket POST /api/tasks/fd044195-ffd5-44fd-9096-c001004413ea/start → HTTP 500: {\"error\":\"Failed to start session: undefined method `newcomer_used?' for an instance of User\"}",
      "steps": 0,
      "success": false,
      "artifact_dir": "/tmp/pass_at_3_reports/wogoumarket_20260712_111711/artifacts/WogoumarketNewcomerZoneV007FreshSeafoodAddSecondTask/episode_001",
      "terminated_reason": "exception",
      "eval_details": null
    },
    {
      "episode_index": 2,
      "score": 0.0,
      "reason": "exception: 500 Internal Server Error for url: http://localhost:6800/task/init | detail: init_task('WogoumarketNewcomerZoneV007FreshSeafoodAddSecondTask') failed: Task 'WogoumarketNewcomerZoneV007FreshSeafoodAddSecondTask' failed during initialize_task(): Wogoumarket POST /api/tasks/{self.app_task_id}/start failed: Wogoumarket POST /api/tasks/fd044195-ffd5-44fd-9096-c001004413ea/start → HTTP 500: {\"error\":\"Failed to start session: undefined method `newcomer_used?' for an instance of User\"}",
      "steps": 0,
      "success": false,
      "artifact_dir": "/tmp/pass_at_3_reports/wogoumarket_20260712_111711/artifacts/WogoumarketNewcomerZoneV007FreshSeafoodAddSecondTask/episode_002",
      "terminated_reason": "exception",
      "eval_details": null
    },
    {
      "episode_index": 3,
      "score": 0.0,
      "reason": "exception: 500 Internal Server Error for url: http://localhost:6800/task/init | detail: init_task('WogoumarketNewcomerZoneV007FreshSeafoodAddSecondTask') failed: Task 'WogoumarketNewcomerZoneV007FreshSeafoodAddSecondTask' failed during initialize_task(): Wogoumarket POST /api/tasks/{self.app_task_id}/start failed: Wogoumarket POST /api/tasks/fd044195-ffd5-44fd-9096-c001004413ea/start → HTTP 500: {\"error\":\"Failed to start session: undefined method `newcomer_used?' for an instance of User\"}",
      "steps": 0,
      "success": false,
      "artifact_dir": "/tmp/pass_at_3_reports/wogoumarket_20260712_111711/artifacts/WogoumarketNewcomerZoneV007FreshSeafoodAddSecondTask/episode_003",
      "terminated_reason": "exception",
      "eval_details": null
    }
  ]
}
