🦞 runner args: server=http://localhost:6800 k=1 max_steps=50 mode=single-candidate
🦞 candidates:  [primary=doubao-seed-2-0-pro-260215]
🦞 user args:   --task-name WogoumarketNewcomerZoneV008AddSalmonTask --k 3 --max-steps 50 --artifact-root /tmp/pass_at_3_reports/wogoumarket_20260710_114736/artifacts/WogoumarketNewcomerZoneV008AddSalmonTask --early-stop

/Users/kehan/Documents/GitHub/android_sandbox/.venv/lib/python3.9/site-packages/urllib3/__init__.py:35: NotOpenSSLWarning: urllib3 v2 only supports OpenSSL 1.1.1+, currently the 'ssl' module is compiled with 'LibreSSL 2.8.3'. See: https://github.com/urllib3/urllib3/issues/3020
  warnings.warn(
2026-07-10 13:48:51.520 | INFO     | __main__:run_pass_k:211 - Server healthy at http://localhost:6800
2026-07-10 13:48:51.520 | INFO     | __main__:run_pass_k:212 - Pass@k start: task=WogoumarketNewcomerZoneV008AddSalmonTask k=3 max_steps=50
2026-07-10 13:48:51.520 | INFO     | __main__:run_pass_k:217 - 
============================================================
Starting episode 1/3: WogoumarketNewcomerZoneV008AddSalmonTask
============================================================
2026-07-10 13:48:51.615 | INFO     | __main__:run_episode:79 - Task: WogoumarketNewcomerZoneV008AddSalmonTask | Goal: 在新人专区生鲜专区"大家都在买"频道加购挪威三文鱼1份，切换到"肉禽蛋品"频道加购猪后腿肉1斤，再到首页搜索青椒加购一份双丰青椒（500g），最后结算下单
2026-07-10 13:50:28.736 | ERROR    | __main__:run_pass_k:239 - Episode 1 failed with exception
Traceback (most recent call last):

  File "/Library/Developer/CommandLineTools/Library/Frameworks/Python3.framework/Versions/3.9/lib/python3.9/runpy.py", line 197, in _run_module_as_main
    return _run_code(code, main_globals, None,
           │         │     └ {'__name__': '__main__', '__doc__': None, '__package__': 'android_tasks_external.agent_loop', '__loader__': <_frozen_importli...
           │         └ <code object <module> at 0x102d133a0, file "/Users/kehan/Documents/GitHub/android_sandbox/src/android_tasks_external/agent_lo...
           └ <function _run_code at 0x1029109d0>
  File "/Library/Developer/CommandLineTools/Library/Frameworks/Python3.framework/Versions/3.9/lib/python3.9/runpy.py", line 87, in _run_code
    exec(code, run_globals)
         │     └ {'__name__': '__main__', '__doc__': None, '__package__': 'android_tasks_external.agent_loop', '__loader__': <_frozen_importli...
         └ <code object <module> at 0x102d133a0, file "/Users/kehan/Documents/GitHub/android_sandbox/src/android_tasks_external/agent_lo...

  File "/Users/kehan/Documents/GitHub/android_sandbox/src/android_tasks_external/agent_loop/runner.py", line 374, in <module>
    main()
    └ <function main at 0x1070b6820>

  File "/Users/kehan/Documents/GitHub/android_sandbox/src/android_tasks_external/agent_loop/runner.py", line 351, in main
    summary = run_pass_k(
              └ <function run_pass_k at 0x1070b6700>

> File "/Users/kehan/Documents/GitHub/android_sandbox/src/android_tasks_external/agent_loop/runner.py", line 228, in run_pass_k
    result = run_episode(
             └ <function run_episode at 0x1070b6670>

  File "/Users/kehan/Documents/GitHub/android_sandbox/src/android_tasks_external/agent_loop/runner.py", line 84, in run_episode
    observation = env.initialize_task(task_name)
                  │   │               └ 'WogoumarketNewcomerZoneV008AddSalmonTask'
                  │   └ <function ExternalAndroidEnvClient.initialize_task at 0x1070b3b80>
                  └ <android_tasks_external.agent_loop.client.ExternalAndroidEnvClient object at 0x1070b5bb0>

  File "/Users/kehan/Documents/GitHub/android_sandbox/src/android_tasks_external/agent_loop/client.py", line 107, in initialize_task
    response = self._request("POST", "/task/init", json_body=payload, timeout=600.0)
               │    │                                        └ {'task_name': 'WogoumarketNewcomerZoneV008AddSalmonTask'}
               │    └ <function ExternalAndroidEnvClient._request at 0x1070b3940>
               └ <android_tasks_external.agent_loop.client.ExternalAndroidEnvClient object at 0x1070b5bb0>

  File "/Users/kehan/Documents/GitHub/android_sandbox/src/android_tasks_external/agent_loop/client.py", line 70, in _request
    raise requests.HTTPError(msg, response=response)
          │        │         │             └ <Response [500]>
          │        │         └ "500 Internal Server Error for url: http://localhost:6800/task/init | detail: init_task('WogoumarketNewcomerZoneV008AddSalmon...
          │        └ <class 'requests.exceptions.HTTPError'>
          └ <module 'requests' from '/Users/kehan/Documents/GitHub/android_sandbox/.venv/lib/python3.9/site-packages/requests/__init__.py'>

requests.exceptions.HTTPError: 500 Internal Server Error for url: http://localhost:6800/task/init | detail: init_task('WogoumarketNewcomerZoneV008AddSalmonTask') failed: Task 'WogoumarketNewcomerZoneV008AddSalmonTask' failed during initialize_task()
2026-07-10 13:50:28.751 | INFO     | __main__:run_pass_k:217 - 
============================================================
Starting episode 2/3: WogoumarketNewcomerZoneV008AddSalmonTask
============================================================
2026-07-10 13:50:28.786 | INFO     | __main__:run_episode:79 - Task: WogoumarketNewcomerZoneV008AddSalmonTask | Goal: 在新人专区生鲜专区"大家都在买"频道加购挪威三文鱼1份，切换到"肉禽蛋品"频道加购猪后腿肉1斤，再到首页搜索青椒加购一份双丰青椒（500g），最后结算下单
2026-07-10 13:52:08.978 | ERROR    | __main__:run_pass_k:239 - Episode 2 failed with exception
Traceback (most recent call last):

  File "/Library/Developer/CommandLineTools/Library/Frameworks/Python3.framework/Versions/3.9/lib/python3.9/runpy.py", line 197, in _run_module_as_main
    return _run_code(code, main_globals, None,
           │         │     └ {'__name__': '__main__', '__doc__': None, '__package__': 'android_tasks_external.agent_loop', '__loader__': <_frozen_importli...
           │         └ <code object <module> at 0x102d133a0, file "/Users/kehan/Documents/GitHub/android_sandbox/src/android_tasks_external/agent_lo...
           └ <function _run_code at 0x1029109d0>
  File "/Library/Developer/CommandLineTools/Library/Frameworks/Python3.framework/Versions/3.9/lib/python3.9/runpy.py", line 87, in _run_code
    exec(code, run_globals)
         │     └ {'__name__': '__main__', '__doc__': None, '__package__': 'android_tasks_external.agent_loop', '__loader__': <_frozen_importli...
         └ <code object <module> at 0x102d133a0, file "/Users/kehan/Documents/GitHub/android_sandbox/src/android_tasks_external/agent_lo...

  File "/Users/kehan/Documents/GitHub/android_sandbox/src/android_tasks_external/agent_loop/runner.py", line 374, in <module>
    main()
    └ <function main at 0x1070b6820>

  File "/Users/kehan/Documents/GitHub/android_sandbox/src/android_tasks_external/agent_loop/runner.py", line 351, in main
    summary = run_pass_k(
              └ <function run_pass_k at 0x1070b6700>

> File "/Users/kehan/Documents/GitHub/android_sandbox/src/android_tasks_external/agent_loop/runner.py", line 228, in run_pass_k
    result = run_episode(
             └ <function run_episode at 0x1070b6670>

  File "/Users/kehan/Documents/GitHub/android_sandbox/src/android_tasks_external/agent_loop/runner.py", line 84, in run_episode
    observation = env.initialize_task(task_name)
                  │   │               └ 'WogoumarketNewcomerZoneV008AddSalmonTask'
                  │   └ <function ExternalAndroidEnvClient.initialize_task at 0x1070b3b80>
                  └ <android_tasks_external.agent_loop.client.ExternalAndroidEnvClient object at 0x1070b5bb0>

  File "/Users/kehan/Documents/GitHub/android_sandbox/src/android_tasks_external/agent_loop/client.py", line 107, in initialize_task
    response = self._request("POST", "/task/init", json_body=payload, timeout=600.0)
               │    │                                        └ {'task_name': 'WogoumarketNewcomerZoneV008AddSalmonTask'}
               │    └ <function ExternalAndroidEnvClient._request at 0x1070b3940>
               └ <android_tasks_external.agent_loop.client.ExternalAndroidEnvClient object at 0x1070b5bb0>

  File "/Users/kehan/Documents/GitHub/android_sandbox/src/android_tasks_external/agent_loop/client.py", line 70, in _request
    raise requests.HTTPError(msg, response=response)
          │        │         │             └ <Response [500]>
          │        │         └ "500 Internal Server Error for url: http://localhost:6800/task/init | detail: init_task('WogoumarketNewcomerZoneV008AddSalmon...
          │        └ <class 'requests.exceptions.HTTPError'>
          └ <module 'requests' from '/Users/kehan/Documents/GitHub/android_sandbox/.venv/lib/python3.9/site-packages/requests/__init__.py'>

requests.exceptions.HTTPError: 500 Internal Server Error for url: http://localhost:6800/task/init | detail: init_task('WogoumarketNewcomerZoneV008AddSalmonTask') failed: Task 'WogoumarketNewcomerZoneV008AddSalmonTask' failed during initialize_task(): Command 'adb -s emulator-5554 shell settings put global wogoumarket_api_endpoint http://10.0.2.2:11601' timed out after 5 seconds
2026-07-10 13:52:08.985 | INFO     | __main__:run_pass_k:217 - 
============================================================
Starting episode 3/3: WogoumarketNewcomerZoneV008AddSalmonTask
============================================================
2026-07-10 13:52:09.020 | INFO     | __main__:run_episode:79 - Task: WogoumarketNewcomerZoneV008AddSalmonTask | Goal: 在新人专区生鲜专区"大家都在买"频道加购挪威三文鱼1份，切换到"肉禽蛋品"频道加购猪后腿肉1斤，再到首页搜索青椒加购一份双丰青椒（500g），最后结算下单
2026-07-10 13:53:46.126 | ERROR    | __main__:run_pass_k:239 - Episode 3 failed with exception
Traceback (most recent call last):

  File "/Library/Developer/CommandLineTools/Library/Frameworks/Python3.framework/Versions/3.9/lib/python3.9/runpy.py", line 197, in _run_module_as_main
    return _run_code(code, main_globals, None,
           │         │     └ {'__name__': '__main__', '__doc__': None, '__package__': 'android_tasks_external.agent_loop', '__loader__': <_frozen_importli...
           │         └ <code object <module> at 0x102d133a0, file "/Users/kehan/Documents/GitHub/android_sandbox/src/android_tasks_external/agent_lo...
           └ <function _run_code at 0x1029109d0>
  File "/Library/Developer/CommandLineTools/Library/Frameworks/Python3.framework/Versions/3.9/lib/python3.9/runpy.py", line 87, in _run_code
    exec(code, run_globals)
         │     └ {'__name__': '__main__', '__doc__': None, '__package__': 'android_tasks_external.agent_loop', '__loader__': <_frozen_importli...
         └ <code object <module> at 0x102d133a0, file "/Users/kehan/Documents/GitHub/android_sandbox/src/android_tasks_external/agent_lo...

  File "/Users/kehan/Documents/GitHub/android_sandbox/src/android_tasks_external/agent_loop/runner.py", line 374, in <module>
    main()
    └ <function main at 0x1070b6820>

  File "/Users/kehan/Documents/GitHub/android_sandbox/src/android_tasks_external/agent_loop/runner.py", line 351, in main
    summary = run_pass_k(
              └ <function run_pass_k at 0x1070b6700>

> File "/Users/kehan/Documents/GitHub/android_sandbox/src/android_tasks_external/agent_loop/runner.py", line 228, in run_pass_k
    result = run_episode(
             └ <function run_episode at 0x1070b6670>

  File "/Users/kehan/Documents/GitHub/android_sandbox/src/android_tasks_external/agent_loop/runner.py", line 84, in run_episode
    observation = env.initialize_task(task_name)
                  │   │               └ 'WogoumarketNewcomerZoneV008AddSalmonTask'
                  │   └ <function ExternalAndroidEnvClient.initialize_task at 0x1070b3b80>
                  └ <android_tasks_external.agent_loop.client.ExternalAndroidEnvClient object at 0x1070b5bb0>

  File "/Users/kehan/Documents/GitHub/android_sandbox/src/android_tasks_external/agent_loop/client.py", line 107, in initialize_task
    response = self._request("POST", "/task/init", json_body=payload, timeout=600.0)
               │    │                                        └ {'task_name': 'WogoumarketNewcomerZoneV008AddSalmonTask'}
               │    └ <function ExternalAndroidEnvClient._request at 0x1070b3940>
               └ <android_tasks_external.agent_loop.client.ExternalAndroidEnvClient object at 0x1070b5bb0>

  File "/Users/kehan/Documents/GitHub/android_sandbox/src/android_tasks_external/agent_loop/client.py", line 70, in _request
    raise requests.HTTPError(msg, response=response)
          │        │         │             └ <Response [500]>
          │        │         └ "500 Internal Server Error for url: http://localhost:6800/task/init | detail: init_task('WogoumarketNewcomerZoneV008AddSalmon...
          │        └ <class 'requests.exceptions.HTTPError'>
          └ <module 'requests' from '/Users/kehan/Documents/GitHub/android_sandbox/.venv/lib/python3.9/site-packages/requests/__init__.py'>

requests.exceptions.HTTPError: 500 Internal Server Error for url: http://localhost:6800/task/init | detail: init_task('WogoumarketNewcomerZoneV008AddSalmonTask') failed: Task 'WogoumarketNewcomerZoneV008AddSalmonTask' failed during initialize_task()
2026-07-10 13:53:46.131 | INFO     | __main__:run_pass_k:275 - Pass@k done: task=WogoumarketNewcomerZoneV008AddSalmonTask success=0/3 success_rate=0.0000 pass_at_k=0.0 terminated_breakdown={'exception': 3}
{
  "task_name": "WogoumarketNewcomerZoneV008AddSalmonTask",
  "server_url": "http://localhost:6800",
  "model_name": "doubao-seed-2-0-pro-260215",
  "llm_base_url": "https://ark.cn-beijing.volces.com/api/v3",
  "k": 3,
  "success_count": 0,
  "success_rate": 0.0,
  "pass_at_k": 0.0,
  "terminated_breakdown": {
    "exception": 3
  },
  "episodes": [
    {
      "episode_index": 1,
      "score": 0.0,
      "reason": "exception: 500 Internal Server Error for url: http://localhost:6800/task/init | detail: init_task('WogoumarketNewcomerZoneV008AddSalmonTask') failed: Task 'WogoumarketNewcomerZoneV008AddSalmonTask' failed during initialize_task()",
      "steps": 0,
      "success": false,
      "artifact_dir": "/tmp/pass_at_3_reports/wogoumarket_20260710_114736/artifacts/WogoumarketNewcomerZoneV008AddSalmonTask/episode_001",
      "terminated_reason": "exception",
      "eval_details": null
    },
    {
      "episode_index": 2,
      "score": 0.0,
      "reason": "exception: 500 Internal Server Error for url: http://localhost:6800/task/init | detail: init_task('WogoumarketNewcomerZoneV008AddSalmonTask') failed: Task 'WogoumarketNewcomerZoneV008AddSalmonTask' failed during initialize_task(): Command 'adb -s emulator-5554 shell settings put global wogoumarket_api_endpoint http://10.0.2.2:11601' timed out after 5 seconds",
      "steps": 0,
      "success": false,
      "artifact_dir": "/tmp/pass_at_3_reports/wogoumarket_20260710_114736/artifacts/WogoumarketNewcomerZoneV008AddSalmonTask/episode_002",
      "terminated_reason": "exception",
      "eval_details": null
    },
    {
      "episode_index": 3,
      "score": 0.0,
      "reason": "exception: 500 Internal Server Error for url: http://localhost:6800/task/init | detail: init_task('WogoumarketNewcomerZoneV008AddSalmonTask') failed: Task 'WogoumarketNewcomerZoneV008AddSalmonTask' failed during initialize_task()",
      "steps": 0,
      "success": false,
      "artifact_dir": "/tmp/pass_at_3_reports/wogoumarket_20260710_114736/artifacts/WogoumarketNewcomerZoneV008AddSalmonTask/episode_003",
      "terminated_reason": "exception",
      "eval_details": null
    }
  ]
}
